INFO 2026-01-22 21:31:53,686 autoreload 11344 23732 Watching for file changes with StatReloader
INFO 2026-01-22 22:06:54,112 autoreload 23808 25968 Watching for file changes with StatReloader
INFO 2026-01-22 22:07:00,584 log 23808 26260 "GET / HTTP/1.1" 200 12
WARNING 2026-01-22 22:07:01,284 log 23808 26260 "GET /favicon.ico HTTP/1.1" 404 5302
INFO 2026-01-22 22:07:11,957 log 23808 12664 "GET /admin HTTP/1.1" 301 0
INFO 2026-01-22 22:07:12,020 log 23808 12664 "GET /admin/ HTTP/1.1" 302 0
INFO 2026-01-22 22:07:12,865 log 23808 12664 "GET /admin/login/?next=/admin/ HTTP/1.1" 200 4113
INFO 2026-01-22 22:07:13,317 log 23808 12664 "GET /static/admin/css/base.css HTTP/1.1" 200 23100
INFO 2026-01-22 22:07:13,338 log 23808 4160 "GET /static/admin/css/responsive.css HTTP/1.1" 200 16273
INFO 2026-01-22 22:07:13,341 log 23808 11812 "GET /static/admin/css/login.css HTTP/1.1" 200 951
INFO 2026-01-22 22:07:13,342 log 23808 1160 "GET /static/admin/css/dark_mode.css HTTP/1.1" 200 3538
INFO 2026-01-22 22:07:13,347 log 23808 19812 "GET /static/admin/css/nav_sidebar.css HTTP/1.1" 200 2810
INFO 2026-01-22 22:07:13,377 log 23808 6452 "GET /static/admin/js/theme.js HTTP/1.1" 200 1653
INFO 2026-01-22 22:07:13,384 log 23808 19812 "GET /static/admin/js/nav_sidebar.js HTTP/1.1" 200 3063
INFO 2026-01-22 22:07:26,718 log 23808 13956 "POST /admin/login/?next=/admin/ HTTP/1.1" 200 4304
INFO 2026-01-22 22:07:34,857 log 23808 13956 "POST /admin/login/?next=/admin/ HTTP/1.1" 200 4303
INFO 2026-01-22 22:08:01,872 log 23808 18624 "POST /admin/login/?next=/admin/ HTTP/1.1" 200 4322
INFO 2026-01-22 22:08:10,456 log 23808 21752 "POST /admin/login/?next=/admin/ HTTP/1.1" 200 4322
INFO 2026-01-22 22:08:17,990 log 23808 6268 "POST /admin/login/?next=/admin/ HTTP/1.1" 200 4322
INFO 2026-01-22 22:09:40,049 autoreload 9068 15092 Watching for file changes with StatReloader
INFO 2026-01-22 22:09:47,265 log 9068 16044 "POST /admin/login/?next=/admin/ HTTP/1.1" 200 4322
INFO 2026-01-22 22:09:55,398 log 9068 16044 "POST /admin/login/?next=/admin/ HTTP/1.1" 302 0
INFO 2026-01-22 22:09:55,502 log 9068 16044 "GET /admin/ HTTP/1.1" 200 11143
INFO 2026-01-22 22:09:55,688 log 9068 16044 "GET /static/admin/css/dashboard.css HTTP/1.1" 200 441
INFO 2026-01-22 22:09:55,720 log 9068 23096 "GET /static/admin/img/icon-changelink.svg HTTP/1.1" 200 978
INFO 2026-01-22 22:09:55,722 log 9068 16044 "GET /static/admin/img/icon-addlink.svg HTTP/1.1" 200 593
INFO 2026-01-22 22:10:04,913 log 9068 14496 "GET /admin/accounts/account/ HTTP/1.1" 200 13887
INFO 2026-01-22 22:10:04,998 log 9068 14496 "GET /static/admin/css/changelists.css HTTP/1.1" 200 7501
INFO 2026-01-22 22:10:05,081 log 9068 23536 "GET /static/admin/js/jquery.init.js HTTP/1.1" 200 347
INFO 2026-01-22 22:10:05,105 log 9068 26160 "GET /static/admin/js/core.js HTTP/1.1" 200 6208
INFO 2026-01-22 22:10:05,109 log 9068 14496 "GET /static/admin/js/actions.js HTTP/1.1" 200 8076
INFO 2026-01-22 22:10:05,157 log 9068 23536 "GET /static/admin/js/urlify.js HTTP/1.1" 200 7887
INFO 2026-01-22 22:10:05,174 log 9068 26160 "GET /static/admin/js/prepopulate.js HTTP/1.1" 200 1531
INFO 2026-01-22 22:10:05,175 log 9068 26308 "GET /static/admin/js/admin/RelatedObjectLookups.js HTTP/1.1" 200 9777
INFO 2026-01-22 22:10:05,188 log 9068 1432 "GET /admin/jsi18n/ HTTP/1.1" 200 8498
INFO 2026-01-22 22:10:05,208 log 9068 23536 "GET /static/admin/img/search.svg HTTP/1.1" 200 607
INFO 2026-01-22 22:10:05,297 log 9068 3864 "GET /static/admin/js/vendor/jquery/jquery.js HTTP/1.1" 200 285314
INFO 2026-01-22 22:10:05,337 log 9068 3864 "GET /static/admin/js/filters.js HTTP/1.1" 200 978
INFO 2026-01-22 22:10:05,393 log 9068 14496 "GET /static/admin/js/vendor/xregexp/xregexp.js HTTP/1.1" 200 325171
INFO 2026-01-22 22:10:05,449 log 9068 14496 "GET /static/admin/img/tooltag-add.svg HTTP/1.1" 200 593
INFO 2026-01-22 22:10:05,450 log 9068 3864 "GET /static/admin/img/icon-viewlink.svg HTTP/1.1" 200 928
INFO 2026-01-22 22:10:10,514 log 9068 21824 "GET /admin/accounts/account/add/ HTTP/1.1" 200 17271
INFO 2026-01-22 22:10:10,585 log 9068 25680 "GET /admin/jsi18n/ HTTP/1.1" 200 8498
INFO 2026-01-22 22:10:10,593 log 9068 21824 "GET /static/admin/css/forms.css HTTP/1.1" 200 8788
INFO 2026-01-22 22:10:10,614 log 9068 20404 "GET /static/admin/js/prepopulate_init.js HTTP/1.1" 200 586
INFO 2026-01-22 22:10:10,681 log 9068 20404 "GET /static/admin/css/widgets.css HTTP/1.1" 200 11811
INFO 2026-01-22 22:10:10,688 log 9068 21824 "GET /static/admin/js/change_form.js HTTP/1.1" 200 606
INFO 2026-01-22 22:10:23,889 log 9068 18764 "GET /admin/auth/group/ HTTP/1.1" 200 12410
INFO 2026-01-22 22:10:23,960 log 9068 18764 "GET /admin/jsi18n/ HTTP/1.1" 200 8498
INFO 2026-01-22 22:10:28,568 log 9068 2880 "GET /admin/auth/group/add/ HTTP/1.1" 200 16980
INFO 2026-01-22 22:10:28,626 log 9068 2880 "GET /admin/jsi18n/ HTTP/1.1" 200 8498
INFO 2026-01-22 22:10:28,693 log 9068 17976 "GET /static/admin/js/SelectFilter2.js HTTP/1.1" 200 16428
INFO 2026-01-22 22:10:28,700 log 9068 2880 "GET /static/admin/js/SelectBox.js HTTP/1.1" 200 4530
INFO 2026-01-22 22:10:28,828 log 9068 2880 "GET /static/admin/img/selector-icons.svg HTTP/1.1" 200 2387
INFO 2026-01-22 22:10:32,477 log 9068 2880 "GET /admin/categories/category/ HTTP/1.1" 200 24708
INFO 2026-01-22 22:10:32,554 log 9068 2880 "GET /admin/jsi18n/ HTTP/1.1" 200 8498
INFO 2026-01-22 22:10:32,569 log 9068 17976 "GET /static/admin/img/icon-yes.svg HTTP/1.1" 200 558
INFO 2026-01-22 22:10:32,707 log 9068 17976 "GET /static/admin/img/sorting-icons.svg HTTP/1.1" 200 1761
INFO 2026-01-22 22:10:48,485 log 9068 25760 "GET /admin/profiles/profile/ HTTP/1.1" 200 16505
INFO 2026-01-22 22:10:48,556 log 9068 25760 "GET /admin/jsi18n/ HTTP/1.1" 200 8498
INFO 2026-01-22 22:10:58,288 log 9068 5248 "GET /admin/transactions/transaction/ HTTP/1.1" 200 15473
INFO 2026-01-22 22:10:58,340 log 9068 5248 "GET /admin/jsi18n/ HTTP/1.1" 200 8498
INFO 2026-01-22 22:11:00,625 log 9068 5248 "GET /admin/transactions/transaction/add/ HTTP/1.1" 200 21257
INFO 2026-01-22 22:11:00,929 log 9068 5248 "GET /admin/jsi18n/ HTTP/1.1" 200 8498
INFO 2026-01-22 22:11:01,020 log 9068 18236 "GET /static/admin/js/calendar.js HTTP/1.1" 200 9159
INFO 2026-01-22 22:11:01,022 log 9068 1012 "GET /static/admin/js/admin/DateTimeShortcuts.js HTTP/1.1" 200 19698
INFO 2026-01-22 22:11:01,110 log 9068 1012 "GET /static/admin/img/icon-deletelink.svg HTTP/1.1" 200 689
INFO 2026-01-22 22:11:01,184 log 9068 1012 "GET /static/admin/img/icon-calendar.svg HTTP/1.1" 200 1112
INFO 2026-01-23 09:55:43,471 autoreload 21092 20092 Watching for file changes with StatReloader
INFO 2026-01-23 09:58:48,043 autoreload 21092 20092 C:\Users\danpo\Desktop\Projetos\python\finanpy\users\urls.py changed, reloading.
INFO 2026-01-23 09:58:49,410 autoreload 22232 18752 Watching for file changes with StatReloader
INFO 2026-01-23 09:59:28,253 autoreload 22232 18752 C:\Users\danpo\Desktop\Projetos\python\finanpy\app\settings.py changed, reloading.
INFO 2026-01-23 09:59:29,646 autoreload 27720 26772 Watching for file changes with StatReloader
INFO 2026-01-23 10:00:54,436 autoreload 27720 26772 C:\Users\danpo\Desktop\Projetos\python\finanpy\transactions\urls.py changed, reloading.
INFO 2026-01-23 10:00:56,924 autoreload 27080 25456 Watching for file changes with StatReloader
INFO 2026-01-23 10:01:37,318 log 27080 26748 "GET /admin/transactions/transaction/add/ HTTP/1.1" 200 21257
INFO 2026-01-23 10:01:37,490 log 27080 26748 "GET /static/admin/css/base.css HTTP/1.1" 304 0
INFO 2026-01-23 10:01:37,524 log 27080 26748 "GET /static/admin/css/dark_mode.css HTTP/1.1" 304 0
INFO 2026-01-23 10:01:37,530 log 27080 6920 "GET /static/admin/js/theme.js HTTP/1.1" 304 0
INFO 2026-01-23 10:01:37,541 log 27080 1412 "GET /static/admin/css/nav_sidebar.css HTTP/1.1" 304 0
INFO 2026-01-23 10:01:37,551 log 27080 21076 "GET /static/admin/css/forms.css HTTP/1.1" 304 0
INFO 2026-01-23 10:01:37,552 log 27080 6920 "GET /static/admin/js/calendar.js HTTP/1.1" 304 0
INFO 2026-01-23 10:01:37,555 log 27080 21408 "GET /static/admin/js/vendor/jquery/jquery.js HTTP/1.1" 304 0
INFO 2026-01-23 10:01:37,562 log 27080 26748 "GET /static/admin/js/jquery.init.js HTTP/1.1" 304 0
INFO 2026-01-23 10:01:37,581 log 27080 21408 "GET /static/admin/js/actions.js HTTP/1.1" 304 0
INFO 2026-01-23 10:01:37,582 log 27080 1412 "GET /static/admin/js/admin/DateTimeShortcuts.js HTTP/1.1" 304 0
INFO 2026-01-23 10:01:37,585 log 27080 6920 "GET /static/admin/js/admin/RelatedObjectLookups.js HTTP/1.1" 304 0
INFO 2026-01-23 10:01:37,588 log 27080 21076 "GET /static/admin/js/core.js HTTP/1.1" 304 0
INFO 2026-01-23 10:01:37,589 log 27080 26748 "GET /static/admin/js/urlify.js HTTP/1.1" 304 0
INFO 2026-01-23 10:01:37,604 log 27080 6920 "GET /static/admin/js/vendor/xregexp/xregexp.js HTTP/1.1" 304 0
INFO 2026-01-23 10:01:37,604 log 27080 1412 "GET /static/admin/css/responsive.css HTTP/1.1" 304 0
INFO 2026-01-23 10:01:37,605 log 27080 21408 "GET /static/admin/js/prepopulate.js HTTP/1.1" 304 0
INFO 2026-01-23 10:01:37,615 log 27080 26748 "GET /static/admin/js/prepopulate_init.js HTTP/1.1" 304 0
INFO 2026-01-23 10:01:37,630 log 27080 28088 "GET /admin/jsi18n/ HTTP/1.1" 200 8498
INFO 2026-01-23 10:01:38,017 log 27080 26748 "GET /static/admin/img/icon-changelink.svg HTTP/1.1" 304 0
INFO 2026-01-23 10:01:38,018 log 27080 21408 "GET /static/admin/css/widgets.css HTTP/1.1" 304 0
INFO 2026-01-23 10:01:38,018 log 27080 28088 "GET /static/admin/js/nav_sidebar.js HTTP/1.1" 304 0
INFO 2026-01-23 10:01:38,031 log 27080 28088 "GET /static/admin/img/icon-addlink.svg HTTP/1.1" 304 0
INFO 2026-01-23 10:01:38,031 log 27080 21408 "GET /static/admin/img/icon-deletelink.svg HTTP/1.1" 304 0
INFO 2026-01-23 10:01:38,108 log 27080 28088 "GET /static/admin/js/change_form.js HTTP/1.1" 304 0
INFO 2026-01-23 10:01:38,109 log 27080 21408 "GET /static/admin/img/icon-viewlink.svg HTTP/1.1" 304 0
INFO 2026-01-23 10:01:38,349 log 27080 21408 "GET /static/admin/img/icon-calendar.svg HTTP/1.1" 304 0
ERROR 2026-01-23 10:01:46,852 log 27080 15552 Internal Server Error: /
Traceback (most recent call last):
  File "C:\Users\danpo\Desktop\Projetos\python\finanpy\.venv\Lib\site-packages\django\core\handlers\exception.py", line 55, in inner
    response = get_response(request)
  File "C:\Users\danpo\Desktop\Projetos\python\finanpy\.venv\Lib\site-packages\django\core\handlers\base.py", line 198, in _get_response
    response = wrapped_callback(request, *callback_args, **callback_kwargs)
  File "C:\Users\danpo\Desktop\Projetos\python\finanpy\users\views.py", line 88, in landing_page
    return redirect('dashboard')
  File "C:\Users\danpo\Desktop\Projetos\python\finanpy\.venv\Lib\site-packages\django\shortcuts.py", line 51, in redirect
    resolve_url(to, *args, **kwargs),
    ~~~~~~~~~~~^^^^^^^^^^^^^^^^^^^^^
  File "C:\Users\danpo\Desktop\Projetos\python\finanpy\.venv\Lib\site-packages\django\shortcuts.py", line 184, in resolve_url
    return reverse(to, args=args, kwargs=kwargs)
  File "C:\Users\danpo\Desktop\Projetos\python\finanpy\.venv\Lib\site-packages\django\urls\base.py", line 98, in reverse
    resolved_url = resolver._reverse_with_prefix(view, prefix, *args, **kwargs)
  File "C:\Users\danpo\Desktop\Projetos\python\finanpy\.venv\Lib\site-packages\django\urls\resolvers.py", line 842, in _reverse_with_prefix
    raise NoReverseMatch(msg)
django.urls.exceptions.NoReverseMatch: Reverse for 'dashboard' not found. 'dashboard' is not a valid view function or pattern name.
ERROR 2026-01-23 10:01:46,860 log 27080 15552 "GET / HTTP/1.1" 500 97956
ERROR 2026-01-23 10:01:55,745 log 27080 15552 Internal Server Error: /login/
Traceback (most recent call last):
  File "C:\Users\danpo\Desktop\Projetos\python\finanpy\.venv\Lib\site-packages\django\core\handlers\exception.py", line 55, in inner
    response = get_response(request)
  File "C:\Users\danpo\Desktop\Projetos\python\finanpy\.venv\Lib\site-packages\django\core\handlers\base.py", line 221, in _get_response
    response = response.render()
  File "C:\Users\danpo\Desktop\Projetos\python\finanpy\.venv\Lib\site-packages\django\template\response.py", line 114, in render
    self.content = self.rendered_content
                   ^^^^^^^^^^^^^^^^^^^^^
  File "C:\Users\danpo\Desktop\Projetos\python\finanpy\.venv\Lib\site-packages\django\template\response.py", line 92, in rendered_content
    return template.render(context, self._request)
           ~~~~~~~~~~~~~~~^^^^^^^^^^^^^^^^^^^^^^^^
  File "C:\Users\danpo\Desktop\Projetos\python\finanpy\.venv\Lib\site-packages\django\template\backends\django.py", line 107, in render
    return self.template.render(context)
           ~~~~~~~~~~~~~~~~~~~~^^^^^^^^^
  File "C:\Users\danpo\Desktop\Projetos\python\finanpy\.venv\Lib\site-packages\django\template\base.py", line 174, in render
    return self._render(context)
           ~~~~~~~~~~~~^^^^^^^^^
  File "C:\Users\danpo\Desktop\Projetos\python\finanpy\.venv\Lib\site-packages\django\template\base.py", line 166, in _render
    return self.nodelist.render(context)
           ~~~~~~~~~~~~~~~~~~~~^^^^^^^^^
  File "C:\Users\danpo\Desktop\Projetos\python\finanpy\.venv\Lib\site-packages\django\template\base.py", line 1091, in render
    return SafeString("".join([node.render_annotated(context) for node in self]))
                               ~~~~~~~~~~~~~~~~~~~~~^^^^^^^^^
  File "C:\Users\danpo\Desktop\Projetos\python\finanpy\.venv\Lib\site-packages\django\template\base.py", line 1052, in render_annotated
    return self.render(context)
           ~~~~~~~~~~~^^^^^^^^^
  File "C:\Users\danpo\Desktop\Projetos\python\finanpy\.venv\Lib\site-packages\django\template\defaulttags.py", line 511, in render
    url = reverse(view_name, args=args, kwargs=kwargs, current_app=current_app)
  File "C:\Users\danpo\Desktop\Projetos\python\finanpy\.venv\Lib\site-packages\django\urls\base.py", line 98, in reverse
    resolved_url = resolver._reverse_with_prefix(view, prefix, *args, **kwargs)
  File "C:\Users\danpo\Desktop\Projetos\python\finanpy\.venv\Lib\site-packages\django\urls\resolvers.py", line 842, in _reverse_with_prefix
    raise NoReverseMatch(msg)
django.urls.exceptions.NoReverseMatch: Reverse for 'password_reset' not found. 'password_reset' is not a valid view function or pattern name.
ERROR 2026-01-23 10:01:55,755 log 27080 15552 "GET /login/ HTTP/1.1" 500 130099
ERROR 2026-01-23 10:02:46,199 log 27080 15552 Internal Server Error: /signup/
Traceback (most recent call last):
  File "C:\Users\danpo\Desktop\Projetos\python\finanpy\.venv\Lib\site-packages\django\core\handlers\exception.py", line 55, in inner
    response = get_response(request)
  File "C:\Users\danpo\Desktop\Projetos\python\finanpy\.venv\Lib\site-packages\django\core\handlers\base.py", line 221, in _get_response
    response = response.render()
  File "C:\Users\danpo\Desktop\Projetos\python\finanpy\.venv\Lib\site-packages\django\template\response.py", line 114, in render
    self.content = self.rendered_content
                   ^^^^^^^^^^^^^^^^^^^^^
  File "C:\Users\danpo\Desktop\Projetos\python\finanpy\.venv\Lib\site-packages\django\template\response.py", line 92, in rendered_content
    return template.render(context, self._request)
           ~~~~~~~~~~~~~~~^^^^^^^^^^^^^^^^^^^^^^^^
  File "C:\Users\danpo\Desktop\Projetos\python\finanpy\.venv\Lib\site-packages\django\template\backends\django.py", line 107, in render
    return self.template.render(context)
           ~~~~~~~~~~~~~~~~~~~~^^^^^^^^^
  File "C:\Users\danpo\Desktop\Projetos\python\finanpy\.venv\Lib\site-packages\django\template\base.py", line 174, in render
    return self._render(context)
           ~~~~~~~~~~~~^^^^^^^^^
  File "C:\Users\danpo\Desktop\Projetos\python\finanpy\.venv\Lib\site-packages\django\template\base.py", line 166, in _render
    return self.nodelist.render(context)
           ~~~~~~~~~~~~~~~~~~~~^^^^^^^^^
  File "C:\Users\danpo\Desktop\Projetos\python\finanpy\.venv\Lib\site-packages\django\template\base.py", line 1091, in render
    return SafeString("".join([node.render_annotated(context) for node in self]))
                               ~~~~~~~~~~~~~~~~~~~~~^^^^^^^^^
  File "C:\Users\danpo\Desktop\Projetos\python\finanpy\.venv\Lib\site-packages\django\template\base.py", line 1052, in render_annotated
    return self.render(context)
           ~~~~~~~~~~~^^^^^^^^^
  File "C:\Users\danpo\Desktop\Projetos\python\finanpy\.venv\Lib\site-packages\django\template\defaulttags.py", line 511, in render
    url = reverse(view_name, args=args, kwargs=kwargs, current_app=current_app)
  File "C:\Users\danpo\Desktop\Projetos\python\finanpy\.venv\Lib\site-packages\django\urls\base.py", line 98, in reverse
    resolved_url = resolver._reverse_with_prefix(view, prefix, *args, **kwargs)
  File "C:\Users\danpo\Desktop\Projetos\python\finanpy\.venv\Lib\site-packages\django\urls\resolvers.py", line 842, in _reverse_with_prefix
    raise NoReverseMatch(msg)
django.urls.exceptions.NoReverseMatch: Reverse for 'login' not found. 'login' is not a valid view function or pattern name.
ERROR 2026-01-23 10:02:46,271 log 27080 15552 "GET /signup/ HTTP/1.1" 500 127328
INFO 2026-01-23 12:51:58,210 autoreload 17984 24760 Watching for file changes with StatReloader
ERROR 2026-01-23 12:52:07,269 log 17984 27244 Internal Server Error: /
Traceback (most recent call last):
  File "C:\Users\danpo\Desktop\Projetos\python\finanpy\.venv\Lib\site-packages\django\core\handlers\exception.py", line 55, in inner
    response = get_response(request)
  File "C:\Users\danpo\Desktop\Projetos\python\finanpy\.venv\Lib\site-packages\django\core\handlers\base.py", line 198, in _get_response
    response = wrapped_callback(request, *callback_args, **callback_kwargs)
  File "C:\Users\danpo\Desktop\Projetos\python\finanpy\users\views.py", line 88, in landing_page
    return redirect('dashboard')
  File "C:\Users\danpo\Desktop\Projetos\python\finanpy\.venv\Lib\site-packages\django\shortcuts.py", line 51, in redirect
    resolve_url(to, *args, **kwargs),
    ~~~~~~~~~~~^^^^^^^^^^^^^^^^^^^^^
  File "C:\Users\danpo\Desktop\Projetos\python\finanpy\.venv\Lib\site-packages\django\shortcuts.py", line 184, in resolve_url
    return reverse(to, args=args, kwargs=kwargs)
  File "C:\Users\danpo\Desktop\Projetos\python\finanpy\.venv\Lib\site-packages\django\urls\base.py", line 98, in reverse
    resolved_url = resolver._reverse_with_prefix(view, prefix, *args, **kwargs)
  File "C:\Users\danpo\Desktop\Projetos\python\finanpy\.venv\Lib\site-packages\django\urls\resolvers.py", line 842, in _reverse_with_prefix
    raise NoReverseMatch(msg)
django.urls.exceptions.NoReverseMatch: Reverse for 'dashboard' not found. 'dashboard' is not a valid view function or pattern name.
ERROR 2026-01-23 12:52:07,281 log 17984 27244 "GET / HTTP/1.1" 500 97959
INFO 2026-01-23 12:52:15,549 log 17984 18452 "GET /signup HTTP/1.1" 301 0
INFO 2026-01-23 12:52:15,694 log 17984 18452 "GET /signup/ HTTP/1.1" 200 3587
ERROR 2026-01-23 12:52:35,944 log 17984 8456 Internal Server Error: /login/
Traceback (most recent call last):
  File "C:\Users\danpo\Desktop\Projetos\python\finanpy\.venv\Lib\site-packages\django\core\handlers\exception.py", line 55, in inner
    response = get_response(request)
  File "C:\Users\danpo\Desktop\Projetos\python\finanpy\.venv\Lib\site-packages\django\core\handlers\base.py", line 221, in _get_response
    response = response.render()
  File "C:\Users\danpo\Desktop\Projetos\python\finanpy\.venv\Lib\site-packages\django\template\response.py", line 114, in render
    self.content = self.rendered_content
                   ^^^^^^^^^^^^^^^^^^^^^
  File "C:\Users\danpo\Desktop\Projetos\python\finanpy\.venv\Lib\site-packages\django\template\response.py", line 92, in rendered_content
    return template.render(context, self._request)
           ~~~~~~~~~~~~~~~^^^^^^^^^^^^^^^^^^^^^^^^
  File "C:\Users\danpo\Desktop\Projetos\python\finanpy\.venv\Lib\site-packages\django\template\backends\django.py", line 107, in render
    return self.template.render(context)
           ~~~~~~~~~~~~~~~~~~~~^^^^^^^^^
  File "C:\Users\danpo\Desktop\Projetos\python\finanpy\.venv\Lib\site-packages\django\template\base.py", line 174, in render
    return self._render(context)
           ~~~~~~~~~~~~^^^^^^^^^
  File "C:\Users\danpo\Desktop\Projetos\python\finanpy\.venv\Lib\site-packages\django\template\base.py", line 166, in _render
    return self.nodelist.render(context)
           ~~~~~~~~~~~~~~~~~~~~^^^^^^^^^
  File "C:\Users\danpo\Desktop\Projetos\python\finanpy\.venv\Lib\site-packages\django\template\base.py", line 1091, in render
    return SafeString("".join([node.render_annotated(context) for node in self]))
                               ~~~~~~~~~~~~~~~~~~~~~^^^^^^^^^
  File "C:\Users\danpo\Desktop\Projetos\python\finanpy\.venv\Lib\site-packages\django\template\base.py", line 1052, in render_annotated
    return self.render(context)
           ~~~~~~~~~~~^^^^^^^^^
  File "C:\Users\danpo\Desktop\Projetos\python\finanpy\.venv\Lib\site-packages\django\template\defaulttags.py", line 511, in render
    url = reverse(view_name, args=args, kwargs=kwargs, current_app=current_app)
  File "C:\Users\danpo\Desktop\Projetos\python\finanpy\.venv\Lib\site-packages\django\urls\base.py", line 98, in reverse
    resolved_url = resolver._reverse_with_prefix(view, prefix, *args, **kwargs)
  File "C:\Users\danpo\Desktop\Projetos\python\finanpy\.venv\Lib\site-packages\django\urls\resolvers.py", line 842, in _reverse_with_prefix
    raise NoReverseMatch(msg)
django.urls.exceptions.NoReverseMatch: Reverse for 'signup' not found. 'signup' is not a valid view function or pattern name.
ERROR 2026-01-23 12:52:35,958 log 17984 8456 "GET /login/ HTTP/1.1" 500 128850
INFO 2026-01-23 12:55:40,081 log 17984 27580 "GET /login/ HTTP/1.1" 200 3373
ERROR 2026-01-23 12:55:57,552 log 17984 27580 Internal Server Error: /login/
Traceback (most recent call last):
  File "C:\Users\danpo\Desktop\Projetos\python\finanpy\.venv\Lib\site-packages\django\core\handlers\exception.py", line 55, in inner
    response = get_response(request)
  File "C:\Users\danpo\Desktop\Projetos\python\finanpy\.venv\Lib\site-packages\django\core\handlers\base.py", line 198, in _get_response
    response = wrapped_callback(request, *callback_args, **callback_kwargs)
  File "C:\Users\danpo\Desktop\Projetos\python\finanpy\.venv\Lib\site-packages\django\views\generic\base.py", line 106, in view
    return self.dispatch(request, *args, **kwargs)
           ~~~~~~~~~~~~~^^^^^^^^^^^^^^^^^^^^^^^^^^
  File "C:\Users\danpo\Desktop\Projetos\python\finanpy\.venv\Lib\site-packages\django\utils\decorators.py", line 48, in _wrapper
    return bound_method(*args, **kwargs)
  File "C:\Users\danpo\Desktop\Projetos\python\finanpy\.venv\Lib\site-packages\django\views\decorators\debug.py", line 143, in sensitive_post_parameters_wrapper
    return view(request, *args, **kwargs)
  File "C:\Users\danpo\Desktop\Projetos\python\finanpy\.venv\Lib\site-packages\django\utils\decorators.py", line 192, in _view_wrapper
    result = _process_exception(request, e)
  File "C:\Users\danpo\Desktop\Projetos\python\finanpy\.venv\Lib\site-packages\django\utils\decorators.py", line 190, in _view_wrapper
    response = view_func(request, *args, **kwargs)
  File "C:\Users\danpo\Desktop\Projetos\python\finanpy\.venv\Lib\site-packages\django\views\decorators\cache.py", line 80, in _view_wrapper
    response = view_func(request, *args, **kwargs)
  File "C:\Users\danpo\Desktop\Projetos\python\finanpy\.venv\Lib\site-packages\django\contrib\auth\views.py", line 89, in dispatch
    return super().dispatch(request, *args, **kwargs)
           ~~~~~~~~~~~~~~~~^^^^^^^^^^^^^^^^^^^^^^^^^^
  File "C:\Users\danpo\Desktop\Projetos\python\finanpy\.venv\Lib\site-packages\django\views\generic\base.py", line 145, in dispatch
    return handler(request, *args, **kwargs)
  File "C:\Users\danpo\Desktop\Projetos\python\finanpy\.venv\Lib\site-packages\django\views\generic\edit.py", line 151, in post
    return self.form_valid(form)
           ~~~~~~~~~~~~~~~^^^^^^
  File "C:\Users\danpo\Desktop\Projetos\python\finanpy\users\views.py", line 58, in form_valid
    return super().form_valid(form)
           ~~~~~~~~~~~~~~~~~~^^^^^^
  File "C:\Users\danpo\Desktop\Projetos\python\finanpy\.venv\Lib\site-packages\django\contrib\auth\views.py", line 109, in form_valid
    return HttpResponseRedirect(self.get_success_url())
                                ~~~~~~~~~~~~~~~~~~~~^^
  File "C:\Users\danpo\Desktop\Projetos\python\finanpy\.venv\Lib\site-packages\django\contrib\auth\views.py", line 41, in get_success_url
    return self.get_redirect_url() or self.get_default_redirect_url()
                                      ~~~~~~~~~~~~~~~~~~~~~~~~~~~~~^^
  File "C:\Users\danpo\Desktop\Projetos\python\finanpy\.venv\Lib\site-packages\django\contrib\auth\views.py", line 93, in get_default_redirect_url
    if self.next_page:
       ^^^^^^^^^^^^^^
  File "C:\Users\danpo\Desktop\Projetos\python\finanpy\.venv\Lib\site-packages\django\utils\functional.py", line 187, in __wrapper__
    result = func(*self._args, **self._kw)
  File "C:\Users\danpo\Desktop\Projetos\python\finanpy\.venv\Lib\site-packages\django\urls\base.py", line 98, in reverse
    resolved_url = resolver._reverse_with_prefix(view, prefix, *args, **kwargs)
  File "C:\Users\danpo\Desktop\Projetos\python\finanpy\.venv\Lib\site-packages\django\urls\resolvers.py", line 842, in _reverse_with_prefix
    raise NoReverseMatch(msg)
django.urls.exceptions.NoReverseMatch: Reverse for 'dashboard' not found. 'dashboard' is not a valid view function or pattern name.
ERROR 2026-01-23 12:55:57,566 log 17984 27580 "POST /login/ HTTP/1.1" 500 152136
INFO 2026-01-23 12:56:28,198 log 17984 27580 "GET /login/ HTTP/1.1" 200 3609
INFO 2026-01-23 12:56:41,902 log 17984 27580 "GET /logout HTTP/1.1" 301 0
WARNING 2026-01-23 12:56:41,928 log 17984 27580 "GET /logout/ HTTP/1.1" 405 0
INFO 2026-01-23 12:56:49,884 log 17984 27580 "GET /signup/ HTTP/1.1" 200 3825
INFO 2026-01-23 12:57:10,569 autoreload 9948 24752 Watching for file changes with StatReloader
INFO 2026-01-23 12:57:46,084 log 9948 8244 "GET /login/ HTTP/1.1" 200 3373
INFO 2026-01-23 12:57:50,222 log 9948 8244 "GET /password_reset/ HTTP/1.1" 200 3421
ERROR 2026-01-23 12:58:06,065 log 9948 1428 Internal Server Error: /password_reset/
Traceback (most recent call last):
  File "C:\Users\danpo\Desktop\Projetos\python\finanpy\.venv\Lib\site-packages\django\core\handlers\exception.py", line 55, in inner
    response = get_response(request)
  File "C:\Users\danpo\Desktop\Projetos\python\finanpy\.venv\Lib\site-packages\django\core\handlers\base.py", line 198, in _get_response
    response = wrapped_callback(request, *callback_args, **callback_kwargs)
  File "C:\Users\danpo\Desktop\Projetos\python\finanpy\.venv\Lib\site-packages\django\views\generic\base.py", line 106, in view
    return self.dispatch(request, *args, **kwargs)
           ~~~~~~~~~~~~~^^^^^^^^^^^^^^^^^^^^^^^^^^
  File "C:\Users\danpo\Desktop\Projetos\python\finanpy\.venv\Lib\site-packages\django\utils\decorators.py", line 48, in _wrapper
    return bound_method(*args, **kwargs)
  File "C:\Users\danpo\Desktop\Projetos\python\finanpy\.venv\Lib\site-packages\django\utils\decorators.py", line 192, in _view_wrapper
    result = _process_exception(request, e)
  File "C:\Users\danpo\Desktop\Projetos\python\finanpy\.venv\Lib\site-packages\django\utils\decorators.py", line 190, in _view_wrapper
    response = view_func(request, *args, **kwargs)
  File "C:\Users\danpo\Desktop\Projetos\python\finanpy\.venv\Lib\site-packages\django\views\generic\base.py", line 145, in dispatch
    return handler(request, *args, **kwargs)
  File "C:\Users\danpo\Desktop\Projetos\python\finanpy\.venv\Lib\site-packages\django\views\generic\edit.py", line 151, in post
    return self.form_valid(form)
           ~~~~~~~~~~~~~~~^^^^^^
  File "C:\Users\danpo\Desktop\Projetos\python\finanpy\.venv\Lib\site-packages\django\contrib\auth\views.py", line 234, in form_valid
    form.save(**opts)
    ~~~~~~~~~^^^^^^^^
  File "C:\Users\danpo\Desktop\Projetos\python\finanpy\.venv\Lib\site-packages\django\contrib\auth\forms.py", line 481, in save
    self.send_mail(
    ~~~~~~~~~~~~~~^
        subject_template_name,
        ^^^^^^^^^^^^^^^^^^^^^^
    ...<4 lines>...
        html_email_template_name=html_email_template_name,
        ^^^^^^^^^^^^^^^^^^^^^^^^^^^^^^^^^^^^^^^^^^^^^^^^^^
    )
    ^
  File "C:\Users\danpo\Desktop\Projetos\python\finanpy\.venv\Lib\site-packages\django\contrib\auth\forms.py", line 409, in send_mail
    body = loader.render_to_string(email_template_name, context)
  File "C:\Users\danpo\Desktop\Projetos\python\finanpy\.venv\Lib\site-packages\django\template\loader.py", line 62, in render_to_string
    return template.render(context, request)
           ~~~~~~~~~~~~~~~^^^^^^^^^^^^^^^^^^
  File "C:\Users\danpo\Desktop\Projetos\python\finanpy\.venv\Lib\site-packages\django\template\backends\django.py", line 107, in render
    return self.template.render(context)
           ~~~~~~~~~~~~~~~~~~~~^^^^^^^^^
  File "C:\Users\danpo\Desktop\Projetos\python\finanpy\.venv\Lib\site-packages\django\template\base.py", line 174, in render
    return self._render(context)
           ~~~~~~~~~~~~^^^^^^^^^
  File "C:\Users\danpo\Desktop\Projetos\python\finanpy\.venv\Lib\site-packages\django\template\base.py", line 166, in _render
    return self.nodelist.render(context)
           ~~~~~~~~~~~~~~~~~~~~^^^^^^^^^
  File "C:\Users\danpo\Desktop\Projetos\python\finanpy\.venv\Lib\site-packages\django\template\base.py", line 1091, in render
    return SafeString("".join([node.render_annotated(context) for node in self]))
                               ~~~~~~~~~~~~~~~~~~~~~^^^^^^^^^
  File "C:\Users\danpo\Desktop\Projetos\python\finanpy\.venv\Lib\site-packages\django\template\base.py", line 1052, in render_annotated
    return self.render(context)
           ~~~~~~~~~~~^^^^^^^^^
  File "C:\Users\danpo\Desktop\Projetos\python\finanpy\.venv\Lib\site-packages\django\template\defaulttags.py", line 58, in render
    output = self.nodelist.render(context)
  File "C:\Users\danpo\Desktop\Projetos\python\finanpy\.venv\Lib\site-packages\django\template\base.py", line 1091, in render
    return SafeString("".join([node.render_annotated(context) for node in self]))
                               ~~~~~~~~~~~~~~~~~~~~~^^^^^^^^^
  File "C:\Users\danpo\Desktop\Projetos\python\finanpy\.venv\Lib\site-packages\django\template\base.py", line 1052, in render_annotated
    return self.render(context)
           ~~~~~~~~~~~^^^^^^^^^
  File "C:\Users\danpo\Desktop\Projetos\python\finanpy\.venv\Lib\site-packages\django\template\loader_tags.py", line 56, in render
    result = self.nodelist.render(context)
  File "C:\Users\danpo\Desktop\Projetos\python\finanpy\.venv\Lib\site-packages\django\template\base.py", line 1091, in render
    return SafeString("".join([node.render_annotated(context) for node in self]))
                               ~~~~~~~~~~~~~~~~~~~~~^^^^^^^^^
  File "C:\Users\danpo\Desktop\Projetos\python\finanpy\.venv\Lib\site-packages\django\template\base.py", line 1052, in render_annotated
    return self.render(context)
           ~~~~~~~~~~~^^^^^^^^^
  File "C:\Users\danpo\Desktop\Projetos\python\finanpy\.venv\Lib\site-packages\django\template\defaulttags.py", line 511, in render
    url = reverse(view_name, args=args, kwargs=kwargs, current_app=current_app)
  File "C:\Users\danpo\Desktop\Projetos\python\finanpy\.venv\Lib\site-packages\django\urls\base.py", line 98, in reverse
    resolved_url = resolver._reverse_with_prefix(view, prefix, *args, **kwargs)
  File "C:\Users\danpo\Desktop\Projetos\python\finanpy\.venv\Lib\site-packages\django\urls\resolvers.py", line 842, in _reverse_with_prefix
    raise NoReverseMatch(msg)
django.urls.exceptions.NoReverseMatch: Reverse for 'password_reset_confirm' not found. 'password_reset_confirm' is not a valid view function or pattern name.
ERROR 2026-01-23 12:58:06,132 log 9948 1428 "POST /password_reset/ HTTP/1.1" 500 202540
INFO 2026-01-23 12:58:22,619 log 9948 1428 "GET /login/ HTTP/1.1" 200 3373
INFO 2026-01-23 13:25:42,588 autoreload 12240 17304 Watching for file changes with StatReloader
ERROR 2026-01-23 13:25:49,835 log 9948 21268 Internal Server Error: /login/
Traceback (most recent call last):
  File "C:\Users\danpo\Desktop\Projetos\python\finanpy\.venv\Lib\site-packages\django\template\backends\django.py", line 107, in render
    return self.template.render(context)
           ~~~~~~~~~~~~~~~~~~~~^^^^^^^^^
  File "C:\Users\danpo\Desktop\Projetos\python\finanpy\.venv\Lib\site-packages\django\template\base.py", line 174, in render
    return self._render(context)
           ~~~~~~~~~~~~^^^^^^^^^
  File "C:\Users\danpo\Desktop\Projetos\python\finanpy\.venv\Lib\site-packages\django\template\base.py", line 166, in _render
    return self.nodelist.render(context)
           ~~~~~~~~~~~~~~~~~~~~^^^^^^^^^
  File "C:\Users\danpo\Desktop\Projetos\python\finanpy\.venv\Lib\site-packages\django\template\base.py", line 1091, in render
    return SafeString("".join([node.render_annotated(context) for node in self]))
                               ~~~~~~~~~~~~~~~~~~~~~^^^^^^^^^
  File "C:\Users\danpo\Desktop\Projetos\python\finanpy\.venv\Lib\site-packages\django\template\base.py", line 1052, in render_annotated
    return self.render(context)
           ~~~~~~~~~~~^^^^^^^^^
  File "C:\Users\danpo\Desktop\Projetos\python\finanpy\.venv\Lib\site-packages\django\template\loader_tags.py", line 200, in render
    template = context.template.engine.select_template(template_name)
  File "C:\Users\danpo\Desktop\Projetos\python\finanpy\.venv\Lib\site-packages\django\template\engine.py", line 234, in select_template
    raise TemplateDoesNotExist(", ".join(not_found))
django.template.exceptions.TemplateDoesNotExist: components/alerts.html

The above exception was the direct cause of the following exception:

Traceback (most recent call last):
  File "C:\Users\danpo\Desktop\Projetos\python\finanpy\.venv\Lib\site-packages\django\core\handlers\exception.py", line 55, in inner
    response = get_response(request)
  File "C:\Users\danpo\Desktop\Projetos\python\finanpy\.venv\Lib\site-packages\django\core\handlers\base.py", line 221, in _get_response
    response = response.render()
  File "C:\Users\danpo\Desktop\Projetos\python\finanpy\.venv\Lib\site-packages\django\template\response.py", line 114, in render
    self.content = self.rendered_content
                   ^^^^^^^^^^^^^^^^^^^^^
  File "C:\Users\danpo\Desktop\Projetos\python\finanpy\.venv\Lib\site-packages\django\template\response.py", line 92, in rendered_content
    return template.render(context, self._request)
           ~~~~~~~~~~~~~~~^^^^^^^^^^^^^^^^^^^^^^^^
  File "C:\Users\danpo\Desktop\Projetos\python\finanpy\.venv\Lib\site-packages\django\template\backends\django.py", line 109, in render
    reraise(exc, self.backend)
    ~~~~~~~^^^^^^^^^^^^^^^^^^^
  File "C:\Users\danpo\Desktop\Projetos\python\finanpy\.venv\Lib\site-packages\django\template\backends\django.py", line 130, in reraise
    raise new from exc
django.template.exceptions.TemplateDoesNotExist: components/alerts.html
ERROR 2026-01-23 13:25:49,853 log 9948 21268 "GET /login/ HTTP/1.1" 500 132218
INFO 2026-01-23 13:26:05,156 log 9948 3980 "GET /admin HTTP/1.1" 301 0
INFO 2026-01-23 13:26:05,426 log 9948 3980 "GET /admin/ HTTP/1.1" 200 11143
INFO 2026-01-23 13:26:05,705 log 9948 3980 "GET /static/admin/css/dashboard.css HTTP/1.1" 200 441
ERROR 2026-01-23 13:26:12,670 log 9948 3980 Internal Server Error: /login/
Traceback (most recent call last):
  File "C:\Users\danpo\Desktop\Projetos\python\finanpy\.venv\Lib\site-packages\django\template\backends\django.py", line 107, in render
    return self.template.render(context)
           ~~~~~~~~~~~~~~~~~~~~^^^^^^^^^
  File "C:\Users\danpo\Desktop\Projetos\python\finanpy\.venv\Lib\site-packages\django\template\base.py", line 174, in render
    return self._render(context)
           ~~~~~~~~~~~~^^^^^^^^^
  File "C:\Users\danpo\Desktop\Projetos\python\finanpy\.venv\Lib\site-packages\django\template\base.py", line 166, in _render
    return self.nodelist.render(context)
           ~~~~~~~~~~~~~~~~~~~~^^^^^^^^^
  File "C:\Users\danpo\Desktop\Projetos\python\finanpy\.venv\Lib\site-packages\django\template\base.py", line 1091, in render
    return SafeString("".join([node.render_annotated(context) for node in self]))
                               ~~~~~~~~~~~~~~~~~~~~~^^^^^^^^^
  File "C:\Users\danpo\Desktop\Projetos\python\finanpy\.venv\Lib\site-packages\django\template\base.py", line 1052, in render_annotated
    return self.render(context)
           ~~~~~~~~~~~^^^^^^^^^
  File "C:\Users\danpo\Desktop\Projetos\python\finanpy\.venv\Lib\site-packages\django\template\loader_tags.py", line 200, in render
    template = context.template.engine.select_template(template_name)
  File "C:\Users\danpo\Desktop\Projetos\python\finanpy\.venv\Lib\site-packages\django\template\engine.py", line 234, in select_template
    raise TemplateDoesNotExist(", ".join(not_found))
django.template.exceptions.TemplateDoesNotExist: components/alerts.html

The above exception was the direct cause of the following exception:

Traceback (most recent call last):
  File "C:\Users\danpo\Desktop\Projetos\python\finanpy\.venv\Lib\site-packages\django\core\handlers\exception.py", line 55, in inner
    response = get_response(request)
  File "C:\Users\danpo\Desktop\Projetos\python\finanpy\.venv\Lib\site-packages\django\core\handlers\base.py", line 221, in _get_response
    response = response.render()
  File "C:\Users\danpo\Desktop\Projetos\python\finanpy\.venv\Lib\site-packages\django\template\response.py", line 114, in render
    self.content = self.rendered_content
                   ^^^^^^^^^^^^^^^^^^^^^
  File "C:\Users\danpo\Desktop\Projetos\python\finanpy\.venv\Lib\site-packages\django\template\response.py", line 92, in rendered_content
    return template.render(context, self._request)
           ~~~~~~~~~~~~~~~^^^^^^^^^^^^^^^^^^^^^^^^
  File "C:\Users\danpo\Desktop\Projetos\python\finanpy\.venv\Lib\site-packages\django\template\backends\django.py", line 109, in render
    reraise(exc, self.backend)
    ~~~~~~~^^^^^^^^^^^^^^^^^^^
  File "C:\Users\danpo\Desktop\Projetos\python\finanpy\.venv\Lib\site-packages\django\template\backends\django.py", line 130, in reraise
    raise new from exc
django.template.exceptions.TemplateDoesNotExist: components/alerts.html
ERROR 2026-01-23 13:26:12,675 log 9948 3980 "GET /login/ HTTP/1.1" 500 131923
ERROR 2026-01-23 13:26:26,149 log 9948 23996 Internal Server Error: /signup/
Traceback (most recent call last):
  File "C:\Users\danpo\Desktop\Projetos\python\finanpy\.venv\Lib\site-packages\django\template\backends\django.py", line 107, in render
    return self.template.render(context)
           ~~~~~~~~~~~~~~~~~~~~^^^^^^^^^
  File "C:\Users\danpo\Desktop\Projetos\python\finanpy\.venv\Lib\site-packages\django\template\base.py", line 174, in render
    return self._render(context)
           ~~~~~~~~~~~~^^^^^^^^^
  File "C:\Users\danpo\Desktop\Projetos\python\finanpy\.venv\Lib\site-packages\django\template\base.py", line 166, in _render
    return self.nodelist.render(context)
           ~~~~~~~~~~~~~~~~~~~~^^^^^^^^^
  File "C:\Users\danpo\Desktop\Projetos\python\finanpy\.venv\Lib\site-packages\django\template\base.py", line 1091, in render
    return SafeString("".join([node.render_annotated(context) for node in self]))
                               ~~~~~~~~~~~~~~~~~~~~~^^^^^^^^^
  File "C:\Users\danpo\Desktop\Projetos\python\finanpy\.venv\Lib\site-packages\django\template\base.py", line 1052, in render_annotated
    return self.render(context)
           ~~~~~~~~~~~^^^^^^^^^
  File "C:\Users\danpo\Desktop\Projetos\python\finanpy\.venv\Lib\site-packages\django\template\loader_tags.py", line 200, in render
    template = context.template.engine.select_template(template_name)
  File "C:\Users\danpo\Desktop\Projetos\python\finanpy\.venv\Lib\site-packages\django\template\engine.py", line 234, in select_template
    raise TemplateDoesNotExist(", ".join(not_found))
django.template.exceptions.TemplateDoesNotExist: components/alerts.html

The above exception was the direct cause of the following exception:

Traceback (most recent call last):
  File "C:\Users\danpo\Desktop\Projetos\python\finanpy\.venv\Lib\site-packages\django\core\handlers\exception.py", line 55, in inner
    response = get_response(request)
  File "C:\Users\danpo\Desktop\Projetos\python\finanpy\.venv\Lib\site-packages\django\core\handlers\base.py", line 221, in _get_response
    response = response.render()
  File "C:\Users\danpo\Desktop\Projetos\python\finanpy\.venv\Lib\site-packages\django\template\response.py", line 114, in render
    self.content = self.rendered_content
                   ^^^^^^^^^^^^^^^^^^^^^
  File "C:\Users\danpo\Desktop\Projetos\python\finanpy\.venv\Lib\site-packages\django\template\response.py", line 92, in rendered_content
    return template.render(context, self._request)
           ~~~~~~~~~~~~~~~^^^^^^^^^^^^^^^^^^^^^^^^
  File "C:\Users\danpo\Desktop\Projetos\python\finanpy\.venv\Lib\site-packages\django\template\backends\django.py", line 109, in render
    reraise(exc, self.backend)
    ~~~~~~~^^^^^^^^^^^^^^^^^^^
  File "C:\Users\danpo\Desktop\Projetos\python\finanpy\.venv\Lib\site-packages\django\template\backends\django.py", line 130, in reraise
    raise new from exc
django.template.exceptions.TemplateDoesNotExist: components/alerts.html
ERROR 2026-01-23 13:26:26,153 log 9948 23996 "GET /signup/ HTTP/1.1" 500 130371
ERROR 2026-01-23 13:30:03,067 log 9948 19088 Internal Server Error: /signup/
Traceback (most recent call last):
  File "C:\Users\danpo\Desktop\Projetos\python\finanpy\.venv\Lib\site-packages\django\template\backends\django.py", line 107, in render
    return self.template.render(context)
           ~~~~~~~~~~~~~~~~~~~~^^^^^^^^^
  File "C:\Users\danpo\Desktop\Projetos\python\finanpy\.venv\Lib\site-packages\django\template\base.py", line 174, in render
    return self._render(context)
           ~~~~~~~~~~~~^^^^^^^^^
  File "C:\Users\danpo\Desktop\Projetos\python\finanpy\.venv\Lib\site-packages\django\template\base.py", line 166, in _render
    return self.nodelist.render(context)
           ~~~~~~~~~~~~~~~~~~~~^^^^^^^^^
  File "C:\Users\danpo\Desktop\Projetos\python\finanpy\.venv\Lib\site-packages\django\template\base.py", line 1091, in render
    return SafeString("".join([node.render_annotated(context) for node in self]))
                               ~~~~~~~~~~~~~~~~~~~~~^^^^^^^^^
  File "C:\Users\danpo\Desktop\Projetos\python\finanpy\.venv\Lib\site-packages\django\template\base.py", line 1052, in render_annotated
    return self.render(context)
           ~~~~~~~~~~~^^^^^^^^^
  File "C:\Users\danpo\Desktop\Projetos\python\finanpy\.venv\Lib\site-packages\django\template\loader_tags.py", line 200, in render
    template = context.template.engine.select_template(template_name)
  File "C:\Users\danpo\Desktop\Projetos\python\finanpy\.venv\Lib\site-packages\django\template\engine.py", line 234, in select_template
    raise TemplateDoesNotExist(", ".join(not_found))
django.template.exceptions.TemplateDoesNotExist: components/alerts.html

The above exception was the direct cause of the following exception:

Traceback (most recent call last):
  File "C:\Users\danpo\Desktop\Projetos\python\finanpy\.venv\Lib\site-packages\django\core\handlers\exception.py", line 55, in inner
    response = get_response(request)
  File "C:\Users\danpo\Desktop\Projetos\python\finanpy\.venv\Lib\site-packages\django\core\handlers\base.py", line 221, in _get_response
    response = response.render()
  File "C:\Users\danpo\Desktop\Projetos\python\finanpy\.venv\Lib\site-packages\django\template\response.py", line 114, in render
    self.content = self.rendered_content
                   ^^^^^^^^^^^^^^^^^^^^^
  File "C:\Users\danpo\Desktop\Projetos\python\finanpy\.venv\Lib\site-packages\django\template\response.py", line 92, in rendered_content
    return template.render(context, self._request)
           ~~~~~~~~~~~~~~~^^^^^^^^^^^^^^^^^^^^^^^^
  File "C:\Users\danpo\Desktop\Projetos\python\finanpy\.venv\Lib\site-packages\django\template\backends\django.py", line 109, in render
    reraise(exc, self.backend)
    ~~~~~~~^^^^^^^^^^^^^^^^^^^
  File "C:\Users\danpo\Desktop\Projetos\python\finanpy\.venv\Lib\site-packages\django\template\backends\django.py", line 130, in reraise
    raise new from exc
django.template.exceptions.TemplateDoesNotExist: components/alerts.html
ERROR 2026-01-23 13:30:03,071 log 9948 19088 "GET /signup/ HTTP/1.1" 500 130371
INFO 2026-01-23 13:35:22,723 log 9948 4580 "GET /signup/ HTTP/1.1" 200 3571
ERROR 2026-01-23 13:35:30,191 log 9948 4580 Internal Server Error: /
Traceback (most recent call last):
  File "C:\Users\danpo\Desktop\Projetos\python\finanpy\.venv\Lib\site-packages\django\core\handlers\exception.py", line 55, in inner
    response = get_response(request)
  File "C:\Users\danpo\Desktop\Projetos\python\finanpy\.venv\Lib\site-packages\django\core\handlers\base.py", line 198, in _get_response
    response = wrapped_callback(request, *callback_args, **callback_kwargs)
  File "C:\Users\danpo\Desktop\Projetos\python\finanpy\users\views.py", line 88, in landing_page
    return redirect('dashboard')
  File "C:\Users\danpo\Desktop\Projetos\python\finanpy\.venv\Lib\site-packages\django\shortcuts.py", line 51, in redirect
    resolve_url(to, *args, **kwargs),
    ~~~~~~~~~~~^^^^^^^^^^^^^^^^^^^^^
  File "C:\Users\danpo\Desktop\Projetos\python\finanpy\.venv\Lib\site-packages\django\shortcuts.py", line 184, in resolve_url
    return reverse(to, args=args, kwargs=kwargs)
  File "C:\Users\danpo\Desktop\Projetos\python\finanpy\.venv\Lib\site-packages\django\urls\base.py", line 98, in reverse
    resolved_url = resolver._reverse_with_prefix(view, prefix, *args, **kwargs)
  File "C:\Users\danpo\Desktop\Projetos\python\finanpy\.venv\Lib\site-packages\django\urls\resolvers.py", line 842, in _reverse_with_prefix
    raise NoReverseMatch(msg)
django.urls.exceptions.NoReverseMatch: Reverse for 'dashboard' not found. 'dashboard' is not a valid view function or pattern name.
ERROR 2026-01-23 13:35:30,213 log 9948 4580 "GET / HTTP/1.1" 500 97865
INFO 2026-01-23 13:36:57,225 log 9948 5300 "GET /login/ HTTP/1.1" 200 3357
INFO 2026-01-23 13:36:59,592 log 9948 5300 "GET /password_reset/ HTTP/1.1" 200 3421
INFO 2026-01-23 13:37:03,551 log 9948 5300 "GET /login/ HTTP/1.1" 200 3357
INFO 2026-01-23 13:37:35,778 autoreload 3832 16244 Watching for file changes with StatReloader
